[www.onwardpath.com/index.html]
[backblue.gif]
[fade.gif]
[index.html]
[www.onwardpath.com/wp-content/uploads/2020/08/4.jpg]
[www.onwardpath.com/feed]
[www.onwardpath.com/comments/feed]
[www.onwardpath.com/wp-content/uploads/2020/08/icon.png]
[www.onwardpath.com/wp-includes/js/jquery/jquery.min9d52.js]
[www.onwardpath.com/wp-includes/js/jquery/jquery-migrate.mind617.js]
[www.onwardpath.com/wp-content/plugins/revslider/public/assets/js/rbtools.min5352.js]
[www.onwardpath.com/wp-content/plugins/revslider/public/assets/js/rs6.mina8d6.js]
[www.onwardpath.com/wp-json/index.html]
[www.onwardpath.com/wp-json/wp/v2/pages/2248.json]
[www.onwardpath.com/wp-includes/wlwmanifest.xml]
[connect.facebook.net/en_US/fbevents.js]
[js.hs-scripts.com/8273362.js]
[www.onwardpath.com/wp-content/uploads/2020/09/cropped-icon1-32x32.png]
[www.onwardpath.com/wp-content/uploads/2020/09/cropped-icon1-192x192.png]
[www.onwardpath.com/wp-content/uploads/2020/09/cropped-icon1-180x180.png]
[www.onwardpath.com/wp-content/uploads/2020/10/OnwardPath_2020_Logo_retina-1.png]
[www.onwardpath.com/wp-content/plugins/revslider/public/assets/assets/transparent.png]
[www.onwardpath.com/wp-content/uploads/revslider/tech-slider/apple_watch-1.png]
[www.onwardpath.com/wp-content/uploads/revslider/tech-slider/apple_yellos.png]
[www.onwardpath.com/wp-content/uploads/revslider/tech-slider/apple_phone2-1.png]
[www.onwardpath.com/wp-content/uploads/revslider/tech-slider/apple_shapebg1.jpg]
[www.onwardpath.com/wp-content/uploads/revslider/tech-slider/apple_iphone-1.png]
[www.onwardpath.com/wp-content/uploads/revslider/tech-slider/apple_macbook-2.png]
[www.onwardpath.com/wp-content/uploads/revslider/tech-slider/apple2.png]
[www.onwardpath.com/wp-content/uploads/2020/08/6.jpg]
[www.onwardpath.com/wp-content/uploads/2020/10/schreiber-logo-1.png]
[www.onwardpath.com/wp-content/uploads/2020/10/Burlington_Coat_Factory_Logo.svg-1.png]
[www.onwardpath.com/wp-content/uploads/2020/10/WellsFargoRail.jpg]
[www.onwardpath.com/wp-content/uploads/2020/10/McAfee_logo-1.png]
[www.onwardpath.com/wp-content/uploads/2020/10/nmh-logo.png]
[www.onwardpath.com/wp-content/uploads/2020/10/associatedbank_logo-1.png]
[www.onwardpath.com/wp-content/uploads/2020/10/allstate_single_color-converted-1.png]
[www.onwardpath.com/wp-content/uploads/2020/10/pge-logo-quote-img-1.png]
[www.onwardpath.com/wp-content/uploads/2020/10/COX-Logo-1.jpg]
[www.onwardpath.com/wp-content/uploads/2020/10/sempra-energy-logo-1.png]
[www.onwardpath.com/wp-content/uploads/2020/10/SOS-Nevada-Logo-1.jpg]
[www.onwardpath.com/wp-content/uploads/2020/10/QNB-Logo-1.png]
[www.onwardpath.com/wp-content/uploads/2020/10/LAUSD-Logo-1.jpg]
[www.onwardpath.com/wp-content/uploads/2020/10/IDEM_Logo1-3.png]
[www.onwardpath.com/wp-content/uploads/2020/10/Fluor_logo-1.jpg]
[www.onwardpath.com/wp-content/uploads/2020/10/broadbean_flat-1.png]
[www.onwardpath.com/wp-content/uploads/2020/09/2-credential.jpg]
[www.onwardpath.com/wp-content/uploads/2020/09/3-A-level-empl.jpg]
[www.onwardpath.com/wp-content/uploads/2020/09/4-seo.jpg]
[www.onwardpath.com/wp-content/plugins/autoptimize/classes/external/js/lazysizes.mindb43.js]
[www.onwardpath.com/wp-includes/js/dist/vendor/wp-polyfill.min89b1.js]
[www.onwardpath.com/wp-includes/js/dist/vendor/wp-polyfill-fetch.min6e0e.js]
[www.onwardpath.com/wp-includes/js/dist/vendor/wp-polyfill-node-contains.min2e00.js]
[www.onwardpath.com/wp-includes/js/dist/vendor/wp-polyfill-dom-rect.min2e00.js]
[www.onwardpath.com/wp-includes/js/dist/vendor/wp-polyfill-url.min5aed.js]
[www.onwardpath.com/wp-includes/js/dist/vendor/wp-polyfill-formdata.mine9bd.js]
[www.onwardpath.com/wp-includes/js/dist/vendor/wp-polyfill-element-closest.min4c56.js]
[www.onwardpath.com/wp-includes/js/dist/vendor/wp-polyfill-object-fit.min531b.js]
[www.onwardpath.com/wp-includes/js/dist/hooks.minf521.js]
[www.onwardpath.com/wp-includes/js/dist/i18n.min87d6.js]
[www.onwardpath.com/wp-includes/js/dist/vendor/lodash.minf492.js]
[www.onwardpath.com/wp-includes/js/dist/url.minacd8.js]
[www.onwardpath.com/wp-includes/js/dist/api-fetch.minf3b9.js]
[www.onwardpath.com/wp-content/cache/autoptimize/js/autoptimize_single_2fdf3cc1d0fcf824759f5287d4bd7b7491d5.js]
[www.onwardpath.com/wp-content/cache/autoptimize/js/autoptimize_single_5c6f8c2d5542d6fa991c13b497d05b423d36.js]
[www.onwardpath.com/wp-content/cache/autoptimize/js/autoptimize_single_882a4f6998e5d6878f6f53f15008e5254963.js]
[www.onwardpath.com/wp-content/cache/autoptimize/js/autoptimize_single_c47fc57967c35a064f5d1918f173f9d068b3.js]
[www.onwardpath.com/wp-content/cache/autoptimize/js/autoptimize_single_35197323ff5dc586f97d942ace3947c7950a.js]
[www.onwardpath.com/wp-content/cache/autoptimize/js/autoptimize_single_5118a4965e81da6dcb7def1ca48b189b7c45.js]
[www.onwardpath.com/wp-content/cache/autoptimize/js/autoptimize_single_2a26fbc83240650485f5745fdee66d0368b3.js]
[www.onwardpath.com/wp-content/cache/autoptimize/js/autoptimize_single_6fb516503ad779228bc4ce728695f8633a79.js]
[www.onwardpath.com/wp-content/cache/autoptimize/js/autoptimize_single_2da6e4c018f2e2f1dfea2ebaa3ae11d5459e.js]
[www.onwardpath.com/wp-content/cache/autoptimize/js/autoptimize_single_05440d2fd20d5cad51df4b4ed447435d001e.js]
[www.onwardpath.com/wp-content/cache/autoptimize/js/autoptimize_single_adac662a01508b35cb271074d149b49f68b3.js]
[www.onwardpath.com/wp-content/cache/autoptimize/js/autoptimize_single_182792369c29563f52abf6b0f6aadaab53cf.js]
[www.onwardpath.com/wp-content/cache/autoptimize/js/autoptimize_single_8c1f36e3c027675079a56b1fbdf0018a68b3.js]
[www.onwardpath.com/wp-content/cache/autoptimize/js/autoptimize_single_2cd2684bfefcf503a795a0417d70af0a653d.js]
[www.onwardpath.com/wp-content/cache/autoptimize/js/autoptimize_single_e6bc39884fd8636370d4727968d40c9c68b3.js]
[www.onwardpath.com/wp-content/cache/autoptimize/js/autoptimize_single_2da65efbacc8104947a4c0fc0a15371b68b3.js]
[www.onwardpath.com/wp-content/cache/autoptimize/js/autoptimize_single_6ee34d5acab69cb428cb2d5f4eb00d17c93e.js]
[www.onwardpath.com/wp-content/cache/autoptimize/js/autoptimize_single_b91d520e927a3eae9283e85bf959decbb95e.js]
[www.onwardpath.com/wp-content/cache/autoptimize/js/autoptimize_single_66e67819b3925c8e48e584f1eb660dd468b3.js]
[www.onwardpath.com/wp-content/cache/autoptimize/js/autoptimize_single_70eee3cb857777d0d1799887c1ece67468b3.js]
[www.onwardpath.com/wp-content/cache/autoptimize/js/autoptimize_single_044f04f1b997661773e5fb7a98f0283e68b3.js]
[www.onwardpath.com/wp-content/cache/autoptimize/js/autoptimize_single_40719b9116c5d2ecdc5963c3a109649268b3.js]
[www.onwardpath.com/wp-content/cache/autoptimize/js/autoptimize_single_eef83ebcbba649dcd3d4939d9221df4168b3.js]
[www.onwardpath.com/wp-content/cache/autoptimize/js/autoptimize_single_d25eff9e991743b92eed74cafed3ba5668b3.js]
[www.onwardpath.com/wp-content/cache/autoptimize/js/autoptimize_single_e985c6ff520271e147f180d04a411ec368b3.js]
[www.onwardpath.com/wp-content/cache/autoptimize/js/autoptimize_single_ce20febc6b8dffe5b4ffd090862aa89768b3.js]
[www.onwardpath.com/wp-content/cache/autoptimize/js/autoptimize_single_455fb50d2239ec5a705f5421797d3a8a68b3.js]
[www.onwardpath.com/wp-content/cache/autoptimize/js/autoptimize_single_a01980edb8ba1fed86d49b04a66306d868b3.js]
[www.onwardpath.com/wp-content/cache/autoptimize/js/autoptimize_single_50c6e717421b2e0215533bfc204119085152.js]
[www.onwardpath.com/wp-content/cache/autoptimize/js/autoptimize_single_c3ff22a9bd5666ddc7fd922577334ae968b3.js]
[www.onwardpath.com/wp-content/cache/autoptimize/js/autoptimize_single_dd0f1d847deec75e504a64f71ae9646768b3.js]
[www.onwardpath.com/wp-content/cache/autoptimize/js/autoptimize_single_6cf842b08dffbc10e95807c46f7d057368b3.js]
[www.onwardpath.com/wp-content/cache/autoptimize/js/autoptimize_single_9d438d9adbb8fa931323fab6ad97ff4d68b3.js]
[www.onwardpath.com/wp-content/cache/autoptimize/js/autoptimize_single_1399e3163023f835423766d8ed6fd081e7f3.js]
[www.onwardpath.com/wp-content/cache/autoptimize/js/autoptimize_single_dd8aaca9c551d99c6577006dc749cbb768b3.js]
[www.onwardpath.com/wp-content/cache/autoptimize/js/autoptimize_single_a706b10989b0311a777c2cade22bc41768b3.js]
[www.onwardpath.com/wp-content/cache/autoptimize/js/autoptimize_single_44400d4919eab602739395cc400898e768b3.js]
[www.onwardpath.com/wp-content/cache/autoptimize/js/autoptimize_single_a1531e56b5c6340e633d97a1159d34c1605a.js]
[www.onwardpath.com/wp-content/cache/autoptimize/js/autoptimize_single_89ccff81dcc486e77ba4c2e3b2f790c568b3.js]
[www.onwardpath.com/wp-content/cache/autoptimize/js/autoptimize_single_581dff110540eff59ad07eb14e50c6cad5f7.js]
[www.onwardpath.com/wp-content/cache/autoptimize/js/autoptimize_single_4eb698c427157704e880425235e5f53c5152.js]
[www.onwardpath.com/wp-content/cache/autoptimize/js/autoptimize_single_47e44bc47462aaaaacc7ba1fd0df9a2bb12b.js]
[www.onwardpath.com/wp-content/cache/autoptimize/js/autoptimize_single_ba5d0c301bec2b0bed272a306d426bbf68b3.js]
[www.onwardpath.com/wp-content/cache/autoptimize/js/autoptimize_single_977efd430bed111fb30d8b1919a815dd68b3.js]
[www.onwardpath.com/wp-content/cache/autoptimize/js/autoptimize_single_c78072eca09f914f1553fbf60fc2e80d68b3.js]
[www.onwardpath.com/wp-content/cache/autoptimize/js/autoptimize_single_e3491db22fbc157eda0ba8cdd735cb1a68b3.js]
[www.onwardpath.com/wp-content/cache/autoptimize/js/autoptimize_single_9f2723484a9765b187093c4207d6bf3ce485.js]
[www.onwardpath.com/wp-content/cache/autoptimize/js/autoptimize_single_d06c60c843b4aa96ec902f21676860d3b12b.js]
[www.onwardpath.com/wp-content/cache/autoptimize/js/autoptimize_single_7bd5eb1dd1d5bad28b1657b6e96df1b868b3.js]
[www.onwardpath.com/wp-content/cache/autoptimize/js/autoptimize_single_2f5e7d6416fba59134d024dc5cd193d619ce.js]
[www.onwardpath.com/wp-content/cache/autoptimize/js/autoptimize_single_d35ed4af8e38c5a859eb9eaa6237f05468b3.js]
[www.onwardpath.com/wp-content/cache/autoptimize/js/autoptimize_single_f2a5bf4853fc2d24985bd1a3ec1a40d2d5f7.js]
[www.onwardpath.com/wp-content/cache/autoptimize/js/autoptimize_single_97bf161371a8a45737ccc673a74bc69f68b3.js]
[www.onwardpath.com/wp-content/cache/autoptimize/js/autoptimize_single_d1821bc1ca3013109fe82963f105fa1fb12b.js]
[www.onwardpath.com/wp-content/cache/autoptimize/js/autoptimize_single_e426f3fff0af58bd43ee59d840af83ee68b3.js]
[www.onwardpath.com/wp-content/cache/autoptimize/js/autoptimize_single_add41bd998490cb0db82b59c60b4b43377e6.js]
[www.onwardpath.com/wp-content/cache/autoptimize/js/autoptimize_single_34001789ebcbec3a918fd5283b3e303b68b3.js]
[www.onwardpath.com/wp-content/cache/autoptimize/js/autoptimize_single_3430261b0500bb2d00a6c002c4ffcc3068b3.js]
[www.onwardpath.com/wp-content/cache/autoptimize/js/autoptimize_single_c1b9597f972aac942c0af8b6568c5c6768b3.js]
[www.onwardpath.com/wp-content/cache/autoptimize/js/autoptimize_single_d006f3197c59c847385c19956611791f31a4.js]
[www.onwardpath.com/wp-content/cache/autoptimize/js/autoptimize_single_b3997023d4e698fdd1db60710a26590d46df.js]
[www.onwardpath.com/wp-content/cache/autoptimize/js/autoptimize_single_d47888bd96f57359b7fa42561494c55246df.js]
[www.onwardpath.com/wp-content/cache/autoptimize/js/autoptimize_single_59d0b868efeb787eb0cd331f52d25a0ef731.js]
[www.onwardpath.com/wp-content/cache/autoptimize/js/autoptimize_single_ef5cea90b052e9a22ea5e8c3447685c64e44.js]
[www.onwardpath.com/wp-content/cache/autoptimize/js/autoptimize_single_ca907333f29fb5447230aae02add6363605a.js]
[www.onwardpath.com/wp-content/cache/autoptimize/js/autoptimize_single_57428f29889a02d4eb32152ce7127fbc68b3.js]
[www.onwardpath.com/wp-content/cache/autoptimize/js/autoptimize_single_e9256563e9658d30f484407ffb8baf3a5d0a.js]
[www.onwardpath.com/wp-content/cache/autoptimize/js/autoptimize_single_cf03f572b825e8710b00b5c86c07aad17514.js]
[www.onwardpath.com/wp-content/cache/autoptimize/js/autoptimize_single_00db1636af5b159f0aaab9600ae7ebfb68b3.js]
[www.onwardpath.com/wp-content/cache/autoptimize/js/autoptimize_single_40b4ea0f94fc17d053680aa504b2d06968b3.js]
[www.onwardpath.com/wp-content/cache/autoptimize/js/autoptimize_single_7e77adda909e3d75aa2e6290ef2d5e3d68b3.js]
[www.onwardpath.com/wp-content/cache/autoptimize/js/autoptimize_single_c127f3e4c4a99c3b31087bbb9302be4368b3.js]
[www.onwardpath.com/wp-content/cache/autoptimize/js/autoptimize_single_6d4fa80597ec147497f4168e255864bc68b3.js]
[www.onwardpath.com/wp-content/cache/autoptimize/js/autoptimize_single_e356a34e1424da61aced3f31d97218cb68b3.js]
[www.onwardpath.com/wp-content/cache/autoptimize/js/autoptimize_single_885adc2fae9799bdcf3944061675378468b3.js]
[www.onwardpath.com/wp-content/cache/autoptimize/js/autoptimize_single_d24aafd44d504acf973ec5d37c14a78d68b3.js]
[www.onwardpath.com/wp-content/cache/autoptimize/js/autoptimize_single_ce62a35d4fa426a1393f3f7a29c49d9068b3.js]
[www.onwardpath.com/wp-content/cache/autoptimize/js/autoptimize_single_6c880fed6961e380f90d15ef10d7e208605a.js]
[www.onwardpath.com/wp-content/cache/autoptimize/js/autoptimize_single_e43647c00a92037d24d8556db0734f2a3781.js]
[www.onwardpath.com/wp-content/cache/autoptimize/js/autoptimize_single_46f40d3dc7258aee44b11f597fcc18d33781.js]
[www.onwardpath.com/wp-content/cache/autoptimize/js/autoptimize_single_d17f6aec92a51f30eba8e6fbc397c60b68b3.js]
[www.onwardpath.com/wp-content/cache/autoptimize/js/autoptimize_single_ccf72ec7f79a2fe8445ba8679722f29068b3.js]
[www.onwardpath.com/wp-content/cache/autoptimize/js/autoptimize_single_021b649c80fd8b162dffafeae1561be53781.js]
[www.onwardpath.com/wp-content/cache/autoptimize/js/autoptimize_single_277dfd20d4ad94570e0bd8d6cd8797fdd617.js]
[www.onwardpath.com/wp-content/cache/autoptimize/js/autoptimize_single_70cee5c6ee29d41a2f95d7ed7997805b3781.js]
[www.onwardpath.com/wp-content/cache/autoptimize/js/autoptimize_single_26773e49363414de86b9ac8101d6c5b23781.js]
[www.onwardpath.com/wp-content/cache/autoptimize/js/autoptimize_single_69c35ac975c7cd3477eb1f07bda1808d3781.js]
[www.onwardpath.com/wp-content/cache/autoptimize/js/autoptimize_single_de401ece9c46772de43f1302339bebfa3781.js]
[www.onwardpath.com/wp-content/cache/autoptimize/js/autoptimize_single_6f83652c13d46ce8e19549e0bda6a21f3781.js]
[www.onwardpath.com/wp-content/cache/autoptimize/js/autoptimize_single_897da891c321ca3859370a964acf8eb23781.js]
[www.onwardpath.com/wp-content/cache/autoptimize/js/autoptimize_single_a1d2543d9ee412148453f39cf05cfe0d3781.js]
[www.onwardpath.com/wp-content/cache/autoptimize/js/autoptimize_single_7ed432887786be791ce1d294016534853781.js]
[www.onwardpath.com/wp-content/cache/autoptimize/js/autoptimize_single_1bf954f715ca3c4b0f1f42d8e71c97223781.js]
[www.onwardpath.com/wp-content/cache/autoptimize/js/autoptimize_single_83ccb6bfcddc51d4c58a3360aa3a2b093781.js]
[www.onwardpath.com/wp-content/cache/autoptimize/js/autoptimize_single_299eec0e0073f2c709bf2a1c36bd5cf83781.js]
[www.onwardpath.com/wp-content/cache/autoptimize/js/autoptimize_single_8e1980499943060812ab9368dd8fefd73781.js]
[www.onwardpath.com/wp-includes/js/wp-embed.mine23c.js]
[www.onwardpath.com/index.html]
[www.onwardpath.com/wp-content/plugins/revslider/public/assets/fonts/revicons/revicons90c6.eot]
[www.onwardpath.com/wp-content/themes/Avada/assets/images/shadow-top.png]
[www.onwardpath.com/wp-content/cache/autoptimize/css/autoptimize_59c26c2751d422b52748622127006354.css]
[www.onwardpath.com/wp-content/uploads/fusion-icons/Modern-Furniture-v1.0/fonts/Modern-Furniture8071.ttf]
[www.onwardpath.com/wp-content/cache/autoptimize/css/autoptimize_single_4060fd81412a1e7131e18c254b0f2b88605a.css]
[www.onwardpath.com/wp-content/themes/Avada/assets/images/patterns/pattern1.png]
[www.onwardpath.com/wp-content/themes/Avada/includes/lib/assets/fonts/icomoon/icomoon.eot]
[www.onwardpath.com/wp-content/themes/Avada/includes/lib/assets/fonts/icomoon/icomoon.woff]
[www.onwardpath.com/wp-content/themes/Avada/includes/lib/assets/fonts/icomoon/icomoond41d.eot]
[www.onwardpath.com/wp-content/themes/Avada/includes/lib/assets/fonts/icomoon/icomoon.ttf]
[www.onwardpath.com/wp-content/themes/Avada/includes/lib/assets/fonts/fontawesome/webfonts/fa-brands-400.eot]
[www.onwardpath.com/wp-content/uploads/fusion-styles/81cda8b106f710e73eb1f53eca6b2593.min605a.css]
[www.onwardpath.com/POST.d0.delayed]
[connect.facebook.net/en_US/fbevents.js]
[www.onwardpath.com/wp-content/uploads/revslider/tech-slider/apple2.png]
[www.onwardpath.com/wp-content/themes/Avada/includes/lib/assets/fonts/icomoon/icomoon.svg]
[www.onwardpath.com/POST.html]
[www.onwardpath.com/digital-experience-platforms/index.html]
[www.onwardpath.com/web-content-management/index.html]
[www.onwardpath.com/document-management/index.html]
[www.onwardpath.com/enterprise-portal/index.html]
[www.onwardpath.com/services/index.html]
[www.onwardpath.com/blog/index.html]
[www.onwardpath.com/contact-us/index.html]
[www.onwardpath.com/xmlrpc0db0.html]
[www.onwardpath.com/wp-json/oembed/1.0/embedcb61.html]
[www.onwardpath.com/wp-json/oembed/1.0/embedb900.html]
[www.onwardpath.com/services.html]
[www.onwardpath.com/digital-experience-platforms.html]
[www.onwardpath.com/web-content-management.html]
[www.onwardpath.com/document-management.html]
[www.onwardpath.com/enterprise-portal.html]
[www.onwardpath.com/custom-web-development.html]
[www.onwardpath.com/adobe-experience-manager.html]
[www.onwardpath.com/oracle-webcenter.html]
[www.onwardpath.com/it-staffing.html]
[www.onwardpath.com/category/resources.html]
[www.onwardpath.com/webinar.html]
[www.onwardpath.com/blog.html]
[www.onwardpath.com/about.html]
[www.onwardpath.com/contact-us.html]
[www.onwardpath.com/author/pandyans.html]
[www.onwardpath.com/2020/07/07/secure-way-of-storing-user-credentials.html]
[www.onwardpath.com/author/sridharc.html]
[www.onwardpath.com/category/technology-blog.html]
[www.onwardpath.com/tag/encryption.html]
[www.onwardpath.com/tag/java.html]
[www.onwardpath.com/tag/password.html]
[www.onwardpath.com/2020/05/19/how-do-you-retain-a-level-employees.html]
[www.onwardpath.com/author/devis.html]
[www.onwardpath.com/category/business-blog.html]
[www.onwardpath.com/category/human-resources.html]
[www.onwardpath.com/category/staff-augmentation.html]
[www.onwardpath.com/tag/human-resources.html]
[www.onwardpath.com/tag/retention.html]
[www.onwardpath.com/2020/03/10/5-simple-strategies-to-get-your-seo-right.html]
[www.onwardpath.com/author/sabapathyn.html]
[www.onwardpath.com/category/digital-marketing.html]
[www.onwardpath.com/tag/localized-search.html]
[www.onwardpath.com/tag/mobile-metadata.html]
[www.onwardpath.com/tag/search-engine-marketing.html]
[www.onwardpath.com/tag/search-engine-optimization.html]
[www.onwardpath.com/tag/sem.html]
[www.onwardpath.com/tag/seo.html]
[www.onwardpath.com/tag/voice-search.html]
